\BOOKMARK [1][-]{section.1}{\376\377\000W\000p\000r\000o\000w\000a\000d\000z\000e\000n\000i\000e}{}% 1
\BOOKMARK [1][-]{section.2}{\376\377\000G\000e\000n\000e\000r\000a\000t\000o\000r\000\040\000L\000C\000G\000\040\000L\000e\000h\000m\000e\000r\000a}{}% 2
\BOOKMARK [2][-]{subsection.2.1}{\376\377\000O\000b\000s\000e\000r\000w\000a\000c\000j\000e\000\040\000i\000\040\000w\000n\000i\000o\000s\000k\000i\000\040\000d\000o\000t\000y\000c\000z\001\005\000c\000e\000\040\000d\000o\000b\000o\000r\000u\000\040\000p\000a\000r\000a\000m\000e\000t\000r\000\363\000w}{section.2}% 3
\BOOKMARK [2][-]{subsection.2.2}{\376\377\000F\000r\000a\000g\000m\000e\000n\000t\000\040\000i\000m\000p\000l\000e\000m\000e\000n\000t\000a\000c\000j\000i}{section.2}% 4
\BOOKMARK [1][-]{section.3}{\376\377\000D\000r\000u\000g\000i\000\040\000s\000p\000o\000s\000\363\000b\000\040\000g\000e\000n\000e\000r\000o\000w\000a\000n\000i\000a\000\040\000l\000i\000c\000z\000b\000\040\000p\000s\000e\000u\000d\000o\000l\000o\000s\000o\000w\000y\000c\000h\000:\000\040\000m\000e\000t\000o\000d\000a\000\040\000v\000o\000n\000\040\000N\000e\000u\000m\000a\000n\000n\000a}{}% 5
\BOOKMARK [2][-]{subsection.3.1}{\376\377\000F\000r\000a\000g\000m\000e\000n\000t\000\040\000i\000m\000p\000l\000e\000m\000e\000n\000t\000a\000c\000j\000i}{section.3}% 6
\BOOKMARK [1][-]{section.4}{\376\377\000L\000i\000s\000t\000a\000\040\0000\000,\000\040\000z\000a\000d\000a\000n\000i\000e\000\040\0009}{}% 7
\BOOKMARK [2][-]{subsection.4.1}{\376\377\000T\000r\000e\001\133\001\007\000\040\000z\000a\000d\000a\000n\000i\000a}{section.4}% 8
\BOOKMARK [2][-]{subsection.4.2}{\376\377\000P\000o\000d\000s\000t\000a\000w\000y\000\040\000m\000e\000r\000y\000t\000o\000r\000y\000c\000z\000n\000e\000\040\000i\000\040\000o\000b\000l\000i\000c\000z\000e\000n\000i\000a}{section.4}% 9
\BOOKMARK [2][-]{subsection.4.3}{\376\377\000F\000r\000a\000g\000m\000e\000n\000t\000\040\000i\000m\000p\000l\000e\000m\000e\000n\000t\000a\000c\000j\000i}{section.4}% 10
\BOOKMARK [1][-]{section.5}{\376\377\000L\000i\000s\000t\000a\000\040\0001\000,\000\040\000z\000a\000d\000a\000n\000i\000e\000\040\0008}{}% 11
\BOOKMARK [2][-]{subsection.5.1}{\376\377\000T\000r\000e\001\133\001\007\000\040\000z\000a\000d\000a\000n\000i\000a}{section.5}% 12
\BOOKMARK [2][-]{subsection.5.2}{\376\377\000P\000o\000d\000s\000t\000a\000w\000y\000\040\000m\000e\000r\000y\000t\000o\000r\000y\000c\000z\000n\000e}{section.5}% 13
\BOOKMARK [2][-]{subsection.5.3}{\376\377\000A\000l\000g\000o\000r\000y\000t\000m}{section.5}% 14
\BOOKMARK [2][-]{subsection.5.4}{\376\377\000F\000r\000a\000g\000m\000e\000n\000t\000\040\000i\000m\000p\000l\000e\000m\000e\000n\000t\000a\000c\000j\000i}{section.5}% 15
\BOOKMARK [2][-]{subsection.5.5}{\376\377\000W\000y\000n\000i\000k\000i\000\040\000k\000o\001\104\000c\000o\000w\000e}{section.5}% 16
\BOOKMARK [1][-]{section.6}{\376\377\000L\000i\000s\000t\000a\000\040\0002\000,\000\040\000z\000a\000d\000a\000n\000i\000e\000\040\0002}{}% 17
\BOOKMARK [2][-]{subsection.6.1}{\376\377\000T\000r\000e\001\133\001\007\000\040\000z\000a\000d\000a\000n\000i\000a}{section.6}% 18
\BOOKMARK [2][-]{subsection.6.2}{\376\377\000P\000o\000d\000s\000t\000a\000w\000y\000\040\000m\000e\000r\000y\000t\000o\000r\000y\000c\000z\000n\000e}{section.6}% 19
\BOOKMARK [2][-]{subsection.6.3}{\376\377\000A\000l\000g\000o\000r\000y\000t\000m}{section.6}% 20
\BOOKMARK [2][-]{subsection.6.4}{\376\377\000F\000r\000a\000g\000m\000e\000n\000t\000\040\000i\000m\000p\000l\000e\000m\000e\000n\000t\000a\000c\000j\000i}{section.6}% 21
\BOOKMARK [2][-]{subsection.6.5}{\376\377\000W\000y\000n\000i\000k\000i\000\040\000k\000o\001\104\000c\000o\000w\000e}{section.6}% 22
\BOOKMARK [1][-]{section.7}{\376\377\000P\000o\000d\000s\000u\000m\000o\000w\000a\000n\000i\000e}{}% 23
